{'STAT2HEADER': 'STAT2HEADER', 'STAT2HEADER_ENVIRON': "environ({'TERM_PROGRAM': 'Apple_Terminal', 'SHELL': '/bin/zsh', 'TERM': 'xterm-256color', 'TMPDIR': '/var/folders/hb/qd65nbq56pjfcfg8g56d693m0000gn/T/', 'TERM_PROGRAM_VERSION': '433', 'TERM_SESSION_ID': '926DBEED-9221-45E5-8667-EE13BAD1032F', 'SVN_EDITOR': 'vim', 'USER': 'ben', 'IMP_TMP_DIR': '/Users/ben/imp/release/tmp', 'SSH_AUTH_SOCK': '/private/tmp/com.apple.launchd.DzDywvp3KN/Listeners', 'IMP_EXAMPLE_DATA': '/Users/ben/imp/release/doc/examples', 'PATH': '/Users/ben/imp/release/bin:/Users/ben/imp/release/module_bin/EMageFit:/Users/ben/imp/release/module_bin/algebra:/Users/ben/imp/release/module_bin/atom:/Users/ben/imp/release/module_bin/bayesianem:/Users/ben/imp/release/module_bin/benchmark:/Users/ben/imp/release/module_bin/cgal:/Users/ben/imp/release/module_bin/cnmultifit:/Users/ben/imp/release/module_bin/container:/Users/ben/imp/release/module_bin/core:/Users/ben/imp/release/module_bin/display:/Users/ben/imp/release/module_bin/domino:/Users/ben/imp/release/module_bin/em:/Users/ben/imp/release/module_bin/em2d:/Users/ben/imp/release/module_bin/example:/Users/ben/imp/release/module_bin/foxs:/Users/ben/imp/release/module_bin/gsl:/Users/ben/imp/release/module_bin/integrative_docking:/Users/ben/imp/release/module_bin/isd:/Users/ben/imp/release/module_bin/kernel:/Users/ben/imp/release/module_bin/kinematics:/Users/ben/imp/release/module_bin/kmeans:/Users/ben/imp/release/module_bin/misc:/Users/ben/imp/release/module_bin/mmcif:/Users/ben/imp/release/module_bin/modeller:/Users/ben/imp/release/module_bin/mpi:/Users/ben/imp/release/module_bin/multi_state:/Users/ben/imp/release/module_bin/multifit:/Users/ben/imp/release/module_bin/npc:/Users/ben/imp/release/module_bin/npctransport:/Users/ben/imp/release/module_bin/parallel:/Users/ben/imp/release/module_bin/pepdock:/Users/ben/imp/release/module_bin/pmi:/Users/ben/imp/release/module_bin/pmi1:/Users/ben/imp/release/module_bin/rmf:/Users/ben/imp/release/module_bin/rotamer:/Users/ben/imp/release/module_bin/saxs:/Users/ben/imp/release/module_bin/saxs_merge:/Users/ben/imp/release/module_bin/score_functor:/Users/ben/imp/release/module_bin/scratch:/Users/ben/imp/release/module_bin/spb:/Users/ben/imp/release/module_bin/statistics:/Users/ben/imp/release/module_bin/symmetry:/Users/ben/imp/release/module_bin/test:/Users/ben/imp/release/bin:/Users/ben/imp/release/bin:/usr/local/bin:/usr/bin:/bin:/usr/sbin:/sbin:/usr/local/bin:/usr/local/sbin', 'PWD': '/Users/ben/imp-sampcon/test/modeling', 'EDITOR': 'vim', 'LANG': 'en_US.UTF-8', 'XPC_FLAGS': '0x0', 'XPC_SERVICE_NAME': '0', 'IMP_BIN_DIR': '/Users/ben/imp/release/bin', 'SHLVL': '1', 'HOME': '/Users/ben', 'IMP_DATA': '/Users/ben/imp/release/data', 'DYLD_LIBRARY_PATH': '/Users/ben/imp/release/lib:/Users/ben/imp/release/lib:', 'PYTHONPATH': '/Users/ben/imp/release/lib:/Users/ben/imp/release/lib:', 'LOGNAME': 'ben', '__CF_USER_TEXT_ENCODING': '0x1F5:0x0:0x0', '__PYVENV_LAUNCHER__': '/usr/local/bin/python3', 'KMP_DUPLICATE_LIB_OK': 'True', 'KMP_INIT_AT_FORK': 'FALSE'})", 'STAT2HEADER_IMP_VERSIONS': "{'IMP_VERSION': 'develop-d9b88ed5a1', 'PMI_VERSION': 'develop-d9b88ed5a1'}", 0: 'ConnectivityRestraint_Rpb1', 1: 'ExcludedVolumeSphere_None', 2: 'CrossLinkingMassSpectrometryRestraint_Data_Score_Chen', 3: 'CrossLinkingMassSpectrometryRestraint_PriorPsi_Score_Chen', 4: 'CrossLinkingMassSpectrometryRestraint_PriorSig_Score_Chen', 5: 'CrossLinkingMassSpectrometryRestraint_Linear_Score_Chen', 6: 'CrossLinkingMassSpectrometryRestraint_Score_|Chen|0.1|Rpb1|1|Rpb1|18|0|PSI|', 7: 'CrossLinkingMassSpectrometryRestraint_Distance_|Chen|0.1|Rpb1|1|Rpb1|18|0|PSI|', 8: 'CrossLinkingMassSpectrometryRestraint_Psi_PSI_Chen', 9: 'CrossLinkingMassSpectrometryRestraint_Sigma_SIGMA_Chen', 10: 'Total_Score', 11: 'MonteCarlo_Acceptance_P27 mover_0', 12: 'MonteCarlo_Acceptance_BallMover-1-10_bead_1', 13: 'MonteCarlo_Acceptance_BallMover-11-20_bead_2', 14: 'MonteCarlo_Acceptance_Transform mover_3', 15: 'MonteCarlo_Temperature', 16: 'MonteCarlo_Nframe', 17: 'ReplicaExchange_SwapSuccessRatio', 18: 'ReplicaExchange_MinTempFrequency', 19: 'ReplicaExchange_MaxTempFrequency', 20: 'ReplicaExchange_CurrentTemp', 21: 'Stopwatch_None_delta_seconds', 22: 'rmf_file', 23: 'rmf_frame_index'} 
{0: '4092.811107204895', 1: '0.0', 2: '1.8642376573462922', 3: '-1.3862943611198906', 4: '0.0', 5: '0.0', 6: '1.8642376573462922', 7: '47.79432962264012', 8: '0.25', 9: '2.0', 10: '4093.2890505011214', 11: '1.0', 12: '0.8', 13: '0.2', 14: '1.0', 15: '1.0', 16: '0', 17: '0', 18: '0', 19: '0', 20: '1.0', 21: '0.019603000000000037', 22: 'output/rmfs//0.rmf3', 23: 0} 
{0: '823.6899888684479', 1: '0.0', 2: '1.7064826942903546', 3: '-1.3862943611198906', 4: '0.0', 5: '0.0', 6: '1.7064826942903546', 7: '32.01883331704637', 8: '0.25', 9: '2.0', 10: '824.0101772016184', 11: '1.0', 12: '0.7', 13: '0.35', 14: '1.0', 15: '1.0', 16: '1', 17: '0.0', 18: '1.0', 19: '0.0', 20: '1.0', 21: '0.006707999999999936', 22: 'output/rmfs//0.rmf3', 23: 1} 
{0: '5.1454411578453385', 1: '0.0', 2: '0.4896645031909537', 3: '-1.3862943611198906', 4: '0.0', 5: '0.0', 6: '0.4896645031909537', 7: '20.198243073917283', 8: '0.25', 9: '2.0', 10: '4.248811299916402', 11: '1.0', 12: '0.6333333333333333', 13: '0.3333333333333333', 14: '1.0', 15: '1.0', 16: '2', 17: '0.0', 18: '1.0', 19: '0.0', 20: '1.0', 21: '0.005800000000000027', 22: 'output/rmfs//0.rmf3', 23: 2} 
{0: '0.0', 1: '0.004192271528725911', 2: '0.4066044330756664', 3: '-1.3862943611198906', 4: '0.0', 5: '0.0', 6: '0.4066044330756664', 7: '11.892236062388555', 8: '0.25', 9: '2.0', 10: '-0.9754976565154982', 11: '1.0', 12: '0.625', 13: '0.4', 14: '1.0', 15: '1.0', 16: '3', 17: '0.0', 18: '1.0', 19: '0.0', 20: '1.0', 21: '0.00599100000000008', 22: 'output/rmfs//0.rmf3', 23: 3} 
{0: '0.0', 1: '0.0', 2: '0.4678068392157607', 3: '-1.3862943611198906', 4: '0.0', 5: '0.0', 6: '0.4678068392157607', 7: '18.012476676397977', 8: '0.25', 9: '2.0', 10: '-0.9184875219041299', 11: '1.0', 12: '0.68', 13: '0.48', 14: '1.0', 15: '1.0', 16: '4', 17: '0.0', 18: '1.0', 19: '0.0', 20: '1.0', 21: '0.005973999999999924', 22: 'output/rmfs//0.rmf3', 23: 4} 
{0: '1.0755978791473675', 1: '0.0', 2: '0.48415820306888047', 3: '-1.3862943611198906', 4: '0.0', 5: '0.0', 6: '0.48415820306888047', 7: '19.64761306170995', 8: '0.25', 9: '2.0', 10: '0.17346172109635738', 11: '1.0', 12: '0.7', 13: '0.5', 14: '1.0', 15: '1.0', 16: '5', 17: '0.0', 18: '1.0', 19: '0.0', 20: '1.0', 21: '0.005481000000000069', 22: 'output/rmfs//0.rmf3', 23: 5} 
{0: '0.0', 1: '0.0', 2: '0.45432386324743823', 3: '-1.3862943611198906', 4: '0.0', 5: '0.0', 6: '0.45432386324743823', 7: '16.664179079565734', 8: '0.25', 9: '2.0', 10: '-0.9319704978724523', 11: '1.0', 12: '0.6857142857142857', 13: '0.5428571428571428', 14: '1.0', 15: '1.0', 16: '6', 17: '0.0', 18: '1.0', 19: '0.0', 20: '1.0', 21: '0.00544699999999998', 22: 'output/rmfs//0.rmf3', 23: 6} 
{0: '0.0', 1: '0.0', 2: '0.4430068055307547', 3: '-1.3862943611198906', 4: '0.0', 5: '0.0', 6: '0.4430068055307547', 7: '15.532473307897375', 8: '0.25', 9: '2.0', 10: '-0.9432875555891358', 11: '1.0', 12: '0.7', 13: '0.5875', 14: '1.0', 15: '1.0', 16: '7', 17: '0.0', 18: '1.0', 19: '0.0', 20: '1.0', 21: '0.0061670000000000336', 22: 'output/rmfs//0.rmf3', 23: 7} 
{0: '0.0', 1: '0.0', 2: '0.4549347453274259', 3: '-1.3862943611198906', 4: '0.0', 5: '0.0', 6: '0.4549347453274259', 7: '16.725267287564495', 8: '0.25', 9: '2.0', 10: '-0.9313596157924646', 11: '1.0', 12: '0.7333333333333333', 13: '0.6', 14: '1.0', 15: '1.0', 16: '8', 17: '0.0', 18: '1.0', 19: '0.0', 20: '1.0', 21: '0.005483999999999822', 22: 'output/rmfs//0.rmf3', 23: 8} 
{0: '0.0', 1: '0.0', 2: '0.4147926412806851', 3: '-1.3862943611198906', 4: '0.0', 5: '0.0', 6: '0.4147926412806851', 7: '12.71105688289042', 8: '0.25', 9: '2.0', 10: '-0.9715017198392055', 11: '1.0', 12: '0.76', 13: '0.62', 14: '1.0', 15: '1.0', 16: '9', 17: '0.0', 18: '1.0', 19: '0.0', 20: '1.0', 21: '0.0064070000000000515', 22: 'output/rmfs//0.rmf3', 23: 9} 
{0: '0.0', 1: '0.03163686034089093', 2: '0.4050046777647324', 3: '-1.3862943611198906', 4: '0.0', 5: '0.0', 6: '0.4050046777647324', 7: '11.732260531295141', 8: '0.25', 9: '2.0', 10: '-0.9496528230142672', 11: '1.0', 12: '0.7727272727272727', 13: '0.6545454545454545', 14: '1.0', 15: '1.0', 16: '10', 17: '0.0', 18: '1.0', 19: '0.0', 20: '1.0', 21: '0.005919000000000008', 22: 'output/rmfs//0.rmf3', 23: 10} 
{0: '0.0', 1: '0.0', 2: '0.4223204880925517', 3: '-1.3862943611198906', 4: '0.0', 5: '0.0', 6: '0.4223204880925517', 7: '13.463841564077077', 8: '0.25', 9: '2.0', 10: '-0.9639738730273388', 11: '1.0', 12: '0.7583333333333333', 13: '0.6666666666666666', 14: '1.0', 15: '1.0', 16: '11', 17: '0.0', 18: '1.0', 19: '0.0', 20: '1.0', 21: '0.006197999999999926', 22: 'output/rmfs//0.rmf3', 23: 11} 
{0: '0.0', 1: '0.0', 2: '0.4740829867531264', 3: '-1.3862943611198906', 4: '0.0', 5: '0.0', 6: '0.4740829867531264', 7: '18.640091430134536', 8: '0.25', 9: '2.0', 10: '-0.9122113743667641', 11: '1.0', 12: '0.7615384615384615', 13: '0.6692307692307692', 14: '1.0', 15: '1.0', 16: '12', 17: '0.0', 18: '1.0', 19: '0.0', 20: '1.0', 21: '0.005993000000000137', 22: 'output/rmfs//0.rmf3', 23: 12} 
{0: '0.0', 1: '0.0', 2: '0.41639127452412555', 3: '-1.3862943611198906', 4: '0.0', 5: '0.0', 6: '0.41639127452412555', 7: '12.870920207234473', 8: '0.25', 9: '2.0', 10: '-0.969903086595765', 11: '1.0', 12: '0.7642857142857142', 13: '0.6714285714285714', 14: '1.0', 15: '1.0', 16: '13', 17: '0.0', 18: '1.0', 19: '0.0', 20: '1.0', 21: '0.005649999999999933', 22: 'output/rmfs//0.rmf3', 23: 13} 
{0: '0.0', 1: '0.0', 2: '0.46615692532967645', 3: '-1.3862943611198906', 4: '0.0', 5: '0.0', 6: '0.46615692532967645', 7: '17.847485287789564', 8: '0.25', 9: '2.0', 10: '-0.9201374357902141', 11: '1.0', 12: '0.76', 13: '0.6733333333333333', 14: '1.0', 15: '1.0', 16: '14', 17: '0.0', 18: '1.0', 19: '0.0', 20: '1.0', 21: '0.005660999999999916', 22: 'output/rmfs//0.rmf3', 23: 14} 
{0: '0.0', 1: '0.0', 2: '0.4479367307518893', 3: '-1.3862943611198906', 4: '0.0', 5: '0.0', 6: '0.4479367307518893', 7: '16.025465830010837', 8: '0.25', 9: '2.0', 10: '-0.9383576303680012', 11: '1.0', 12: '0.775', 13: '0.6875', 14: '1.0', 15: '1.0', 16: '15', 17: '0.0', 18: '1.0', 19: '0.0', 20: '1.0', 21: '0.005937999999999999', 22: 'output/rmfs//0.rmf3', 23: 15} 
{0: '0.0', 1: '0.0', 2: '0.46326929969072755', 3: '-1.3862943611198906', 4: '0.0', 5: '0.0', 6: '0.46326929969072755', 7: '17.558722723894665', 8: '0.25', 9: '2.0', 10: '-0.9230250614291631', 11: '1.0', 12: '0.7588235294117647', 13: '0.6823529411764706', 14: '1.0', 15: '1.0', 16: '16', 17: '0.0', 18: '1.0', 19: '0.0', 20: '1.0', 21: '0.005146000000000095', 22: 'output/rmfs//0.rmf3', 23: 16} 
{0: '0.0', 1: '0.0', 2: '0.41421770433170974', 3: '-1.3862943611198906', 4: '0.0', 5: '0.0', 6: '0.41421770433170974', 7: '12.653563187992892', 8: '0.25', 9: '2.0', 10: '-0.9720766567881809', 11: '1.0', 12: '0.7666666666666667', 13: '0.7', 14: '1.0', 15: '1.0', 16: '17', 17: '0.0', 18: '1.0', 19: '0.0', 20: '1.0', 21: '0.005827000000000027', 22: 'output/rmfs//0.rmf3', 23: 17} 
{0: '0.0', 1: '0.0', 2: '0.42801126994976274', 3: '-1.3862943611198906', 4: '0.0', 5: '0.0', 6: '0.42801126994976274', 7: '14.032919749798193', 8: '0.25', 9: '2.0', 10: '-0.9582830911701279', 11: '1.0', 12: '0.7789473684210526', 13: '0.7105263157894737', 14: '1.0', 15: '1.0', 16: '18', 17: '0.0', 18: '1.0', 19: '0.0', 20: '1.0', 21: '0.006099000000000077', 22: 'output/rmfs//0.rmf3', 23: 18} 
{0: '0.0', 1: '0.0', 2: '0.4486592479075403', 3: '-1.3862943611198906', 4: '0.0', 5: '0.0', 6: '0.4486592479075403', 7: '16.097717545575946', 8: '0.25', 9: '2.0', 10: '-0.9376351132123503', 11: '1.0', 12: '0.79', 13: '0.715', 14: '1.0', 15: '1.0', 16: '19', 17: '0.0', 18: '1.0', 19: '0.0', 20: '1.0', 21: '0.005297999999999803', 22: 'output/rmfs//0.rmf3', 23: 19} 
{0: '0.0', 1: '0.0', 2: '0.45904505914823507', 3: '-1.3862943611198906', 4: '0.0', 5: '0.0', 6: '0.45904505914823507', 7: '17.13629866964541', 8: '0.25', 9: '2.0', 10: '-0.9272493019716554', 11: '1.0', 12: '0.8', 13: '0.7238095238095238', 14: '1.0', 15: '1.0', 16: '20', 17: '0.0', 18: '1.0', 19: '0.0', 20: '1.0', 21: '0.004541000000000128', 22: 'output/rmfs//0.rmf3', 23: 20} 
{0: '0.0', 1: '0.0', 2: '0.4469713277900819', 3: '-1.3862943611198906', 4: '0.0', 5: '0.0', 6: '0.4469713277900819', 7: '15.928925533830096', 8: '0.25', 9: '2.0', 10: '-0.9393230333298086', 11: '1.0', 12: '0.7863636363636364', 13: '0.7181818181818181', 14: '1.0', 15: '1.0', 16: '21', 17: '0.0', 18: '1.0', 19: '0.0', 20: '1.0', 21: '0.00576500000000002', 22: 'output/rmfs//0.rmf3', 23: 21} 
{0: '0.0', 1: '0.0', 2: '0.442280402708526', 3: '-1.3862943611198906', 4: '0.0', 5: '0.0', 6: '0.442280402708526', 7: '15.459833025674499', 8: '0.25', 9: '2.0', 10: '-0.9440139584113646', 11: '1.0', 12: '0.7913043478260869', 13: '0.7217391304347827', 14: '1.0', 15: '1.0', 16: '22', 17: '0.0', 18: '1.0', 19: '0.0', 20: '1.0', 21: '0.005833999999999895', 22: 'output/rmfs//0.rmf3', 23: 22} 
{0: '0.0', 1: '0.0', 2: '0.4474285588153718', 3: '-1.3862943611198906', 4: '0.0', 5: '0.0', 6: '0.4474285588153718', 7: '15.974648636359086', 8: '0.25', 9: '2.0', 10: '-0.9388658023045188', 11: '1.0', 12: '0.7875', 13: '0.7208333333333333', 14: '1.0', 15: '1.0', 16: '23', 17: '0.0', 18: '1.0', 19: '0.0', 20: '1.0', 21: '0.004711000000000132', 22: 'output/rmfs//0.rmf3', 23: 23} 
{0: '0.0', 1: '0.0', 2: '0.46326794814303757', 3: '-1.3862943611198906', 4: '0.0', 5: '0.0', 6: '0.46326794814303757', 7: '17.55858756912567', 8: '0.25', 9: '2.0', 10: '-0.9230264129768531', 11: '1.0', 12: '0.78', 13: '0.724', 14: '1.0', 15: '1.0', 16: '24', 17: '0.0', 18: '1.0', 19: '0.0', 20: '1.0', 21: '0.005201000000000011', 22: 'output/rmfs//0.rmf3', 23: 24} 
{0: '0.10368554784808015', 1: '0.0', 2: '0.48096014310724317', 3: '-1.3862943611198906', 4: '0.0', 5: '0.0', 6: '0.48096014310724317', 7: '19.32780706554622', 8: '0.25', 9: '2.0', 10: '-0.8016486701645673', 11: '1.0', 12: '0.7807692307692308', 13: '0.7307692307692307', 14: '1.0', 15: '1.0', 16: '25', 17: '0.0', 18: '1.0', 19: '0.0', 20: '1.0', 21: '0.005143999999999815', 22: 'output/rmfs//0.rmf3', 23: 25} 
{0: '0.0', 1: '0.0', 2: '0.4707135991414396', 3: '-1.3862943611198906', 4: '0.0', 5: '0.0', 6: '0.4707135991414396', 7: '18.303152668965858', 8: '0.25', 9: '2.0', 10: '-0.915580761978451', 11: '1.0', 12: '0.7888888888888889', 13: '0.737037037037037', 14: '1.0', 15: '1.0', 16: '26', 17: '0.0', 18: '1.0', 19: '0.0', 20: '1.0', 21: '0.0046960000000000335', 22: 'output/rmfs//0.rmf3', 23: 26} 
{0: '0.0', 1: '0.0', 2: '0.47102381574996177', 3: '-1.3862943611198906', 4: '0.0', 5: '0.0', 6: '0.47102381574996177', 7: '18.33417432981809', 8: '0.25', 9: '2.0', 10: '-0.9152705453699288', 11: '1.0', 12: '0.7964285714285714', 13: '0.7428571428571429', 14: '1.0', 15: '1.0', 16: '27', 17: '0.0', 18: '1.0', 19: '0.0', 20: '1.0', 21: '0.004890000000000061', 22: 'output/rmfs//0.rmf3', 23: 27} 
{0: '0.0', 1: '0.0', 2: '0.47736195183219027', 3: '-1.3862943611198906', 4: '0.0', 5: '0.0', 6: '0.47736195183219027', 7: '18.967987938040924', 8: '0.25', 9: '2.0', 10: '-0.9089324092877002', 11: '1.0', 12: '0.7793103448275862', 13: '0.7379310344827587', 14: '1.0', 15: '1.0', 16: '28', 17: '0.0', 18: '1.0', 19: '0.0', 20: '1.0', 21: '0.004521999999999915', 22: 'output/rmfs//0.rmf3', 23: 28} 
{0: '0.0', 1: '0.0', 2: '0.43990129990548893', 3: '-1.3862943611198906', 4: '0.0', 5: '0.0', 6: '0.43990129990548893', 7: '15.221922745370803', 8: '0.25', 9: '2.0', 10: '-0.9463930612144016', 11: '1.0', 12: '0.7733333333333333', 13: '0.74', 14: '1.0', 15: '1.0', 16: '29', 17: '0.0', 18: '1.0', 19: '0.0', 20: '1.0', 21: '0.006130000000000191', 22: 'output/rmfs//0.rmf3', 23: 29} 
{0: '0.0', 1: '0.0', 2: '0.4754994453359561', 3: '-1.3862943611198906', 4: '0.0', 5: '0.0', 6: '0.4754994453359561', 7: '18.781737288417517', 8: '0.25', 9: '2.0', 10: '-0.9107949157839345', 11: '1.0', 12: '0.7677419354838709', 13: '0.7483870967741936', 14: '1.0', 15: '1.0', 16: '30', 17: '0.0', 18: '1.0', 19: '0.0', 20: '1.0', 21: '0.004620999999999986', 22: 'output/rmfs//0.rmf3', 23: 30} 
{0: '0.0', 1: '0.0', 2: '0.4111531386246142', 3: '-1.3862943611198906', 4: '0.0', 5: '0.0', 6: '0.4111531386246142', 7: '12.347106617283323', 8: '0.25', 9: '2.0', 10: '-0.9751412224952763', 11: '1.0', 12: '0.759375', 13: '0.746875', 14: '1.0', 15: '1.0', 16: '31', 17: '0.0', 18: '1.0', 19: '0.0', 20: '1.0', 21: '0.006473999999999869', 22: 'output/rmfs//0.rmf3', 23: 31} 
{0: '0.0', 1: '0.0', 2: '0.428801507447017', 3: '-1.3862943611198906', 4: '0.0', 5: '0.0', 6: '0.428801507447017', 7: '14.111943499523608', 8: '0.25', 9: '2.0', 10: '-0.9574928536728735', 11: '1.0', 12: '0.7636363636363637', 13: '0.7454545454545455', 14: '1.0', 15: '1.0', 16: '32', 17: '0.0', 18: '1.0', 19: '0.0', 20: '1.0', 21: '0.00561300000000009', 22: 'output/rmfs//0.rmf3', 23: 32} 
{0: '0.0', 1: '0.0', 2: '0.459062805537244', 3: '-1.3862943611198906', 4: '0.0', 5: '0.0', 6: '0.459062805537244', 7: '17.138073308546307', 8: '0.25', 9: '2.0', 10: '-0.9272315555826466', 11: '1.0', 12: '0.7588235294117647', 13: '0.7441176470588236', 14: '1.0', 15: '1.0', 16: '33', 17: '0.0', 18: '1.0', 19: '0.0', 20: '1.0', 21: '0.004645999999999928', 22: 'output/rmfs//0.rmf3', 23: 33} 
{0: '0.0', 1: '0.0', 2: '0.4259737090705208', 3: '-1.3862943611198906', 4: '0.0', 5: '0.0', 6: '0.4259737090705208', 7: '13.829163661873983', 8: '0.25', 9: '2.0', 10: '-0.9603206520493698', 11: '1.0', 12: '0.7542857142857143', 13: '0.7457142857142857', 14: '1.0', 15: '1.0', 16: '34', 17: '0.0', 18: '1.0', 19: '0.0', 20: '1.0', 21: '0.005425000000000013', 22: 'output/rmfs//0.rmf3', 23: 34} 
{0: '0.0', 1: '0.0', 2: '0.4675722030201604', 3: '-1.3862943611198906', 4: '0.0', 5: '0.0', 6: '0.4675722030201604', 7: '17.989013056837944', 8: '0.25', 9: '2.0', 10: '-0.9187221580997302', 11: '1.0', 12: '0.7527777777777778', 13: '0.7444444444444445', 14: '1.0', 15: '1.0', 16: '35', 17: '0.0', 18: '1.0', 19: '0.0', 20: '1.0', 21: '0.004896999999999929', 22: 'output/rmfs//0.rmf3', 23: 35} 
{0: '0.0', 1: '0.002656435272726571', 2: '0.406791210175415', 3: '-1.3862943611198906', 4: '0.0', 5: '0.0', 6: '0.406791210175415', 7: '11.910913772363399', 8: '0.25', 9: '2.0', 10: '-0.9768467156717491', 11: '1.0', 12: '0.7513513513513513', 13: '0.7513513513513513', 14: '1.0', 15: '1.0', 16: '36', 17: '0.0', 18: '1.0', 19: '0.0', 20: '1.0', 21: '0.006149000000000182', 22: 'output/rmfs//0.rmf3', 23: 36} 
{0: '0.0', 1: '0.0', 2: '0.4518112824727494', 3: '-1.3862943611198906', 4: '0.0', 5: '0.0', 6: '0.4518112824727494', 7: '16.41292100209684', 8: '0.25', 9: '2.0', 10: '-0.9344830786471412', 11: '1.0', 12: '0.7578947368421053', 13: '0.7552631578947369', 14: '1.0', 15: '1.0', 16: '37', 17: '0.0', 18: '1.0', 19: '0.0', 20: '1.0', 21: '0.004753000000000007', 22: 'output/rmfs//0.rmf3', 23: 37} 
{0: '0.0', 1: '0.0', 2: '0.46828774277651175', 3: '-1.3862943611198906', 4: '0.0', 5: '0.0', 6: '0.46828774277651175', 7: '18.060567032473077', 8: '0.25', 9: '2.0', 10: '-0.9180066183433788', 11: '1.0', 12: '0.764102564102564', 13: '0.7589743589743589', 14: '1.0', 15: '1.0', 16: '38', 17: '0.0', 18: '1.0', 19: '0.0', 20: '1.0', 21: '0.00479099999999999', 22: 'output/rmfs//0.rmf3', 23: 38} 
{0: '0.0', 1: '0.0', 2: '0.4348563970320179', 3: '-1.3862943611198906', 4: '0.0', 5: '0.0', 6: '0.4348563970320179', 7: '14.717432458023694', 8: '0.25', 9: '2.0', 10: '-0.9514379640878727', 11: '1.0', 12: '0.765', 13: '0.7525', 14: '1.0', 15: '1.0', 16: '39', 17: '0.0', 18: '1.0', 19: '0.0', 20: '1.0', 21: '0.004392999999999869', 22: 'output/rmfs//0.rmf3', 23: 39} 
{0: '0.0', 1: '0.0', 2: '0.44909812398600796', 3: '-1.3862943611198906', 4: '0.0', 5: '0.0', 6: '0.44909812398600796', 7: '16.141605153422706', 8: '0.25', 9: '2.0', 10: '-0.9371962371338827', 11: '1.0', 12: '0.7634146341463415', 13: '0.751219512195122', 14: '1.0', 15: '1.0', 16: '40', 17: '0.0', 18: '1.0', 19: '0.0', 20: '1.0', 21: '0.005281000000000091', 22: 'output/rmfs//0.rmf3', 23: 40} 
{0: '0.0', 1: '0.0', 2: '0.43066617596855633', 3: '-1.3862943611198906', 4: '0.0', 5: '0.0', 6: '0.43066617596855633', 7: '14.298410351677544', 8: '0.25', 9: '2.0', 10: '-0.9556281851513342', 11: '1.0', 12: '0.7619047619047619', 13: '0.7547619047619047', 14: '1.0', 15: '1.0', 16: '41', 17: '0.0', 18: '1.0', 19: '0.0', 20: '1.0', 21: '0.005031000000000008', 22: 'output/rmfs//0.rmf3', 23: 41} 
{0: '0.0', 1: '0.0', 2: '0.4695687883590807', 3: '-1.3862943611198906', 4: '0.0', 5: '0.0', 6: '0.4695687883590807', 7: '18.188671590729975', 8: '0.25', 9: '2.0', 10: '-0.9167255727608099', 11: '1.0', 12: '0.7627906976744186', 13: '0.7558139534883721', 14: '1.0', 15: '1.0', 16: '42', 17: '0.0', 18: '1.0', 19: '0.0', 20: '1.0', 21: '0.004510000000000014', 22: 'output/rmfs//0.rmf3', 23: 42} 
{0: '0.0', 1: '0.0', 2: '0.43429281271805315', 3: '-1.3862943611198906', 4: '0.0', 5: '0.0', 6: '0.43429281271805315', 7: '14.661074026627231', 8: '0.25', 9: '2.0', 10: '-0.9520015484018374', 11: '1.0', 12: '0.7681818181818182', 13: '0.7613636363636364', 14: '1.0', 15: '1.0', 16: '43', 17: '0.0', 18: '1.0', 19: '0.0', 20: '1.0', 21: '0.005404999999999882', 22: 'output/rmfs//0.rmf3', 23: 43} 
{0: '0.0', 1: '0.0', 2: '0.47330660836549626', 3: '-1.3862943611198906', 4: '0.0', 5: '0.0', 6: '0.47330660836549626', 7: '18.562453591371522', 8: '0.25', 9: '2.0', 10: '-0.9129877527543944', 11: '1.0', 12: '0.7733333333333333', 13: '0.7666666666666667', 14: '1.0', 15: '1.0', 16: '44', 17: '0.0', 18: '1.0', 19: '0.0', 20: '1.0', 21: '0.004858000000000029', 22: 'output/rmfs//0.rmf3', 23: 44} 
{0: '0.0', 1: '0.0', 2: '0.4121139881368297', 3: '-1.3862943611198906', 4: '0.0', 5: '0.0', 6: '0.4121139881368297', 7: '12.443191568504874', 8: '0.25', 9: '2.0', 10: '-0.9741803729830609', 11: '1.0', 12: '0.7760869565217391', 13: '0.7695652173913043', 14: '1.0', 15: '1.0', 16: '45', 17: '0.0', 18: '1.0', 19: '0.0', 20: '1.0', 21: '0.005552000000000001', 22: 'output/rmfs//0.rmf3', 23: 45} 
{0: '0.0', 1: '0.0', 2: '0.47056589375116536', 3: '-1.3862943611198906', 4: '0.0', 5: '0.0', 6: '0.47056589375116536', 7: '18.28838212993846', 8: '0.25', 9: '2.0', 10: '-0.9157284673687252', 11: '1.0', 12: '0.774468085106383', 13: '0.7723404255319148', 14: '1.0', 15: '1.0', 16: '46', 17: '0.0', 18: '1.0', 19: '0.0', 20: '1.0', 21: '0.004842999999999931', 22: 'output/rmfs//0.rmf3', 23: 46} 
{0: '0.0', 1: '3.1227819799543157', 2: '0.3825289782360536', 3: '-1.3862943611198906', 4: '0.0', 5: '0.0', 6: '0.3825289782360536', 7: '9.48469057842726', 8: '0.25', 9: '2.0', 10: '2.1190165970704786', 11: '1.0', 12: '0.7770833333333333', 13: '0.7708333333333334', 14: '1.0', 15: '1.0', 16: '47', 17: '0.0', 18: '1.0', 19: '0.0', 20: '1.0', 21: '0.004817999999999989', 22: 'output/rmfs//0.rmf3', 23: 47} 
{0: '0.0', 1: '0.0', 2: '0.44174747284880755', 3: '-1.3862943611198906', 4: '0.0', 5: '0.0', 6: '0.44174747284880755', 7: '15.406540039702664', 8: '0.25', 9: '2.0', 10: '-0.944546888271083', 11: '1.0', 12: '0.7755102040816326', 13: '0.7693877551020408', 14: '1.0', 15: '1.0', 16: '48', 17: '0.0', 18: '1.0', 19: '0.0', 20: '1.0', 21: '0.005041000000000073', 22: 'output/rmfs//0.rmf3', 23: 48} 
{0: '0.0', 1: '0.0', 2: '0.4135629159714224', 3: '-1.3862943611198906', 4: '0.0', 5: '0.0', 6: '0.4135629159714224', 7: '12.588084351964143', 8: '0.25', 9: '2.0', 10: '-0.9727314451484681', 11: '1.0', 12: '0.776', 13: '0.772', 14: '1.0', 15: '1.0', 16: '49', 17: '0.0', 18: '1.0', 19: '0.0', 20: '1.0', 21: '0.00521499999999997', 22: 'output/rmfs//0.rmf3', 23: 49} 
