{'STAT2HEADER': 'STAT2HEADER', 'STAT2HEADER_ENVIRON': "environ({'TERM_PROGRAM': 'Apple_Terminal', 'SHELL': '/bin/zsh', 'TERM': 'xterm-256color', 'TMPDIR': '/var/folders/hb/qd65nbq56pjfcfg8g56d693m0000gn/T/', 'TERM_PROGRAM_VERSION': '433', 'TERM_SESSION_ID': '926DBEED-9221-45E5-8667-EE13BAD1032F', 'SVN_EDITOR': 'vim', 'USER': 'ben', 'IMP_TMP_DIR': '/Users/ben/imp/release/tmp', 'SSH_AUTH_SOCK': '/private/tmp/com.apple.launchd.DzDywvp3KN/Listeners', 'IMP_EXAMPLE_DATA': '/Users/ben/imp/release/doc/examples', 'PATH': '/Users/ben/imp/release/bin:/Users/ben/imp/release/module_bin/EMageFit:/Users/ben/imp/release/module_bin/algebra:/Users/ben/imp/release/module_bin/atom:/Users/ben/imp/release/module_bin/bayesianem:/Users/ben/imp/release/module_bin/benchmark:/Users/ben/imp/release/module_bin/cgal:/Users/ben/imp/release/module_bin/cnmultifit:/Users/ben/imp/release/module_bin/container:/Users/ben/imp/release/module_bin/core:/Users/ben/imp/release/module_bin/display:/Users/ben/imp/release/module_bin/domino:/Users/ben/imp/release/module_bin/em:/Users/ben/imp/release/module_bin/em2d:/Users/ben/imp/release/module_bin/example:/Users/ben/imp/release/module_bin/foxs:/Users/ben/imp/release/module_bin/gsl:/Users/ben/imp/release/module_bin/integrative_docking:/Users/ben/imp/release/module_bin/isd:/Users/ben/imp/release/module_bin/kernel:/Users/ben/imp/release/module_bin/kinematics:/Users/ben/imp/release/module_bin/kmeans:/Users/ben/imp/release/module_bin/misc:/Users/ben/imp/release/module_bin/mmcif:/Users/ben/imp/release/module_bin/modeller:/Users/ben/imp/release/module_bin/mpi:/Users/ben/imp/release/module_bin/multi_state:/Users/ben/imp/release/module_bin/multifit:/Users/ben/imp/release/module_bin/npc:/Users/ben/imp/release/module_bin/npctransport:/Users/ben/imp/release/module_bin/parallel:/Users/ben/imp/release/module_bin/pepdock:/Users/ben/imp/release/module_bin/pmi:/Users/ben/imp/release/module_bin/pmi1:/Users/ben/imp/release/module_bin/rmf:/Users/ben/imp/release/module_bin/rotamer:/Users/ben/imp/release/module_bin/saxs:/Users/ben/imp/release/module_bin/saxs_merge:/Users/ben/imp/release/module_bin/score_functor:/Users/ben/imp/release/module_bin/scratch:/Users/ben/imp/release/module_bin/spb:/Users/ben/imp/release/module_bin/statistics:/Users/ben/imp/release/module_bin/symmetry:/Users/ben/imp/release/module_bin/test:/Users/ben/imp/release/bin:/Users/ben/imp/release/bin:/usr/local/bin:/usr/bin:/bin:/usr/sbin:/sbin:/usr/local/bin:/usr/local/sbin', 'PWD': '/Users/ben/imp-sampcon/test/modeling', 'EDITOR': 'vim', 'LANG': 'en_US.UTF-8', 'XPC_FLAGS': '0x0', 'XPC_SERVICE_NAME': '0', 'IMP_BIN_DIR': '/Users/ben/imp/release/bin', 'SHLVL': '1', 'HOME': '/Users/ben', 'IMP_DATA': '/Users/ben/imp/release/data', 'DYLD_LIBRARY_PATH': '/Users/ben/imp/release/lib:/Users/ben/imp/release/lib:', 'PYTHONPATH': '/Users/ben/imp/release/lib:/Users/ben/imp/release/lib:', 'LOGNAME': 'ben', '__CF_USER_TEXT_ENCODING': '0x1F5:0x0:0x0', '__PYVENV_LAUNCHER__': '/usr/local/bin/python3', 'KMP_DUPLICATE_LIB_OK': 'True', 'KMP_INIT_AT_FORK': 'FALSE'})", 'STAT2HEADER_IMP_VERSIONS': "{'IMP_VERSION': 'develop-d9b88ed5a1', 'PMI_VERSION': 'develop-d9b88ed5a1'}", 0: 'ConnectivityRestraint_Rpb1', 1: 'ExcludedVolumeSphere_None', 2: 'CrossLinkingMassSpectrometryRestraint_Data_Score_Chen', 3: 'CrossLinkingMassSpectrometryRestraint_PriorPsi_Score_Chen', 4: 'CrossLinkingMassSpectrometryRestraint_PriorSig_Score_Chen', 5: 'CrossLinkingMassSpectrometryRestraint_Linear_Score_Chen', 6: 'CrossLinkingMassSpectrometryRestraint_Score_|Chen|0.1|Rpb1|1|Rpb1|18|0|PSI|', 7: 'CrossLinkingMassSpectrometryRestraint_Distance_|Chen|0.1|Rpb1|1|Rpb1|18|0|PSI|', 8: 'CrossLinkingMassSpectrometryRestraint_Psi_PSI_Chen', 9: 'CrossLinkingMassSpectrometryRestraint_Sigma_SIGMA_Chen', 10: 'Total_Score', 11: 'MonteCarlo_Acceptance_P27 mover_0', 12: 'MonteCarlo_Acceptance_BallMover-1-10_bead_1', 13: 'MonteCarlo_Acceptance_BallMover-11-20_bead_2', 14: 'MonteCarlo_Acceptance_Transform mover_3', 15: 'MonteCarlo_Temperature', 16: 'MonteCarlo_Nframe', 17: 'ReplicaExchange_SwapSuccessRatio', 18: 'ReplicaExchange_MinTempFrequency', 19: 'ReplicaExchange_MaxTempFrequency', 20: 'ReplicaExchange_CurrentTemp', 21: 'Stopwatch_None_delta_seconds', 22: 'rmf_file', 23: 'rmf_frame_index'} 
{0: '4443.367113445124', 1: '0.0', 2: '1.8762386532788573', 3: '-1.3862943611198906', 4: '0.0', 5: '0.0', 6: '1.8762386532788573', 7: '48.994429215896716', 8: '0.25', 9: '2.0', 10: '4443.857057737283', 11: '1.0', 12: '0.5', 13: '0.3', 14: '1.0', 15: '1.0', 16: '0', 17: '0', 18: '0', 19: '0', 20: '1.0', 21: '0.019731000000000165', 22: 'output/rmfs//0.rmf3', 23: 0} 
{0: '1352.3860454856895', 1: '0.0', 2: '1.7425943064987293', 3: '-1.3862943611198906', 4: '0.0', 5: '0.0', 6: '1.7425943064987293', 7: '35.62999453788391', 8: '0.25', 9: '2.0', 10: '1352.7423454310683', 11: '1.0', 12: '0.45', 13: '0.35', 14: '1.0', 15: '1.0', 16: '1', 17: '0.0', 18: '1.0', 19: '0.0', 20: '1.0', 21: '0.007176999999999989', 22: 'output/rmfs//0.rmf3', 23: 1} 
{0: '0.12476038004005445', 1: '0.0', 2: '0.4810997271944472', 3: '-1.3862943611198906', 4: '0.0', 5: '0.0', 6: '0.4810997271944472', 7: '19.341765474266634', 8: '0.25', 9: '2.0', 10: '-0.7804342538853889', 11: '1.0', 12: '0.5333333333333333', 13: '0.5333333333333333', 14: '1.0', 15: '1.0', 16: '2', 17: '0.0', 18: '1.0', 19: '0.0', 20: '1.0', 21: '0.005776999999999921', 22: 'output/rmfs//0.rmf3', 23: 2} 
{0: '0.0171751652866906', 1: '0.0', 2: '0.48010619613167754', 3: '-1.3862943611198906', 4: '0.0', 5: '0.0', 6: '0.48010619613167754', 7: '19.24241236798967', 8: '0.25', 9: '2.0', 10: '-0.8890129997015224', 11: '1.0', 12: '0.625', 13: '0.575', 14: '1.0', 15: '1.0', 16: '3', 17: '0.0', 18: '1.0', 19: '0.0', 20: '1.0', 21: '0.005506999999999929', 22: 'output/rmfs//0.rmf3', 23: 3} 
{0: '0.0', 1: '0.0', 2: '0.4407833739695589', 3: '-1.3862943611198906', 4: '0.0', 5: '0.0', 6: '0.4407833739695589', 7: '15.310130151777802', 8: '0.25', 9: '2.0', 10: '-0.9455109871503317', 11: '1.0', 12: '0.68', 13: '0.62', 14: '1.0', 15: '1.0', 16: '4', 17: '0.0', 18: '1.0', 19: '0.0', 20: '1.0', 21: '0.005541000000000018', 22: 'output/rmfs//0.rmf3', 23: 4} 
{0: '0.0', 1: '0.0', 2: '0.40772901194819644', 3: '-1.3862943611198906', 4: '0.0', 5: '0.0', 6: '0.40772901194819644', 7: '12.004693949641556', 8: '0.25', 9: '2.0', 10: '-0.9785653491716941', 11: '1.0', 12: '0.6666666666666666', 13: '0.6666666666666666', 14: '1.0', 15: '1.0', 16: '5', 17: '0.0', 18: '1.0', 19: '0.0', 20: '1.0', 21: '0.005946000000000007', 22: 'output/rmfs//0.rmf3', 23: 5} 
{0: '0.0', 1: '0.0', 2: '0.4494816117886511', 3: '-1.3862943611198906', 4: '0.0', 5: '0.0', 6: '0.4494816117886511', 7: '16.179953933687013', 8: '0.25', 9: '2.0', 10: '-0.9368127493312395', 11: '1.0', 12: '0.6857142857142857', 13: '0.6714285714285714', 14: '1.0', 15: '1.0', 16: '6', 17: '0.0', 18: '1.0', 19: '0.0', 20: '1.0', 21: '0.005897000000000041', 22: 'output/rmfs//0.rmf3', 23: 6} 
{0: '0.0', 1: '0.0', 2: '0.46772306936368535', 3: '-1.3862943611198906', 4: '0.0', 5: '0.0', 6: '0.46772306936368535', 7: '18.004099691190437', 8: '0.25', 9: '2.0', 10: '-0.9185712917562052', 11: '1.0', 12: '0.6875', 13: '0.7', 14: '1.0', 15: '1.0', 16: '7', 17: '0.0', 18: '1.0', 19: '0.0', 20: '1.0', 21: '0.005440000000000111', 22: 'output/rmfs//0.rmf3', 23: 7} 
{0: '0.0', 1: '0.0', 2: '0.4141695547546633', 3: '-1.3862943611198906', 4: '0.0', 5: '0.0', 6: '0.4141695547546633', 7: '12.648748230288234', 8: '0.25', 9: '2.0', 10: '-0.9721248063652272', 11: '1.0', 12: '0.7', 13: '0.7222222222222222', 14: '1.0', 15: '1.0', 16: '8', 17: '0.0', 18: '1.0', 19: '0.0', 20: '1.0', 21: '0.005501999999999896', 22: 'output/rmfs//0.rmf3', 23: 8} 
{0: '0.045444246981014715', 1: '0.0', 2: '0.4804734591528611', 3: '-1.3862943611198906', 4: '0.0', 5: '0.0', 6: '0.4804734591528611', 7: '19.279138670108015', 8: '0.25', 9: '2.0', 10: '-0.8603766549860148', 11: '1.0', 12: '0.7', 13: '0.75', 14: '1.0', 15: '1.0', 16: '9', 17: '0.0', 18: '1.0', 19: '0.0', 20: '1.0', 21: '0.005789000000000044', 22: 'output/rmfs//0.rmf3', 23: 9} 
{0: '0.0', 1: '0.0', 2: '0.424789657104268', 3: '-1.3862943611198906', 4: '0.0', 5: '0.0', 6: '0.424789657104268', 7: '13.710758465248716', 8: '0.25', 9: '2.0', 10: '-0.9615047040156226', 11: '1.0', 12: '0.7', 13: '0.7363636363636363', 14: '1.0', 15: '1.0', 16: '10', 17: '0.0', 18: '1.0', 19: '0.0', 20: '1.0', 21: '0.005500999999999978', 22: 'output/rmfs//0.rmf3', 23: 10} 
{0: '0.0', 1: '1.1196705835967684', 2: '0.39255567620173054', 3: '-1.3862943611198906', 4: '0.0', 5: '0.0', 6: '0.39255567620173054', 7: '10.487360374994964', 8: '0.25', 9: '2.0', 10: '0.12593189867860843', 11: '1.0', 12: '0.7166666666666667', 13: '0.7416666666666667', 14: '1.0', 15: '1.0', 16: '11', 17: '0.0', 18: '1.0', 19: '0.0', 20: '1.0', 21: '0.005702000000000096', 22: 'output/rmfs//0.rmf3', 23: 11} 
{0: '0.0', 1: '0.0', 2: '0.42215230039989937', 3: '-1.3862943611198906', 4: '0.0', 5: '0.0', 6: '0.42215230039989937', 7: '13.447022794811838', 8: '0.25', 9: '2.0', 10: '-0.9641420607199912', 11: '1.0', 12: '0.7153846153846154', 13: '0.7461538461538462', 14: '1.0', 15: '1.0', 16: '12', 17: '0.0', 18: '1.0', 19: '0.0', 20: '1.0', 21: '0.005817999999999879', 22: 'output/rmfs//0.rmf3', 23: 12} 
{0: '0.0', 1: '0.006995984112458333', 2: '0.4063372280775529', 3: '-1.3862943611198906', 4: '0.0', 5: '0.0', 6: '0.4063372280775529', 7: '11.865515562577201', 8: '0.25', 9: '2.0', 10: '-0.9729611489298793', 11: '1.0', 12: '0.7285714285714285', 13: '0.7642857142857142', 14: '1.0', 15: '1.0', 16: '13', 17: '0.0', 18: '1.0', 19: '0.0', 20: '1.0', 21: '0.00545400000000007', 22: 'output/rmfs//0.rmf3', 23: 13} 
{0: '0.0', 1: '0.0', 2: '0.4145392085405402', 3: '-1.3862943611198906', 4: '0.0', 5: '0.0', 6: '0.4145392085405402', 7: '12.685713608875922', 8: '0.25', 9: '2.0', 10: '-0.9717551525793504', 11: '1.0', 12: '0.7133333333333334', 13: '0.76', 14: '1.0', 15: '1.0', 16: '14', 17: '0.0', 18: '1.0', 19: '0.0', 20: '1.0', 21: '0.005414999999999948', 22: 'output/rmfs//0.rmf3', 23: 14} 
{0: '0.0', 1: '0.0', 2: '0.41610663073499676', 3: '-1.3862943611198906', 4: '0.0', 5: '0.0', 6: '0.41610663073499676', 7: '12.842455828321581', 8: '0.25', 9: '2.0', 10: '-0.9701877303848938', 11: '1.0', 12: '0.7125', 13: '0.7625', 14: '1.0', 15: '1.0', 16: '15', 17: '0.0', 18: '1.0', 19: '0.0', 20: '1.0', 21: '0.005711999999999939', 22: 'output/rmfs//0.rmf3', 23: 15} 
{0: '0.0', 1: '0.0', 2: '0.4343224892254626', 3: '-1.3862943611198906', 4: '0.0', 5: '0.0', 6: '0.4343224892254626', 7: '14.664041677368171', 8: '0.25', 9: '2.0', 10: '-0.9519718718944279', 11: '1.0', 12: '0.7294117647058823', 13: '0.7647058823529411', 14: '1.0', 15: '1.0', 16: '16', 17: '0.0', 18: '1.0', 19: '0.0', 20: '1.0', 21: '0.005983999999999989', 22: 'output/rmfs//0.rmf3', 23: 16} 
{0: '0.0', 1: '0.0', 2: '0.4154442725656052', 3: '-1.3862943611198906', 4: '0.0', 5: '0.0', 6: '0.4154442725656052', 7: '12.776220011382424', 8: '0.25', 9: '2.0', 10: '-0.9708500885542855', 11: '1.0', 12: '0.7388888888888889', 13: '0.7722222222222223', 14: '1.0', 15: '1.0', 16: '17', 17: '0.0', 18: '1.0', 19: '0.0', 20: '1.0', 21: '0.00595100000000004', 22: 'output/rmfs//0.rmf3', 23: 17} 
{0: '0.0', 1: '0.0', 2: '0.4756214515970891', 3: '-1.3862943611198906', 4: '0.0', 5: '0.0', 6: '0.4756214515970891', 7: '18.79393791453081', 8: '0.25', 9: '2.0', 10: '-0.9106729095228014', 11: '1.0', 12: '0.7526315789473684', 13: '0.7789473684210526', 14: '1.0', 15: '1.0', 16: '18', 17: '0.0', 18: '1.0', 19: '0.0', 20: '1.0', 21: '0.004626999999999937', 22: 'output/rmfs//0.rmf3', 23: 18} 
{0: '1.005352693919552', 1: '0.0', 2: '0.4840041935496435', 3: '-1.3862943611198906', 4: '0.0', 5: '0.0', 6: '0.4840041935496435', 7: '19.63221210978627', 8: '0.25', 9: '2.0', 10: '0.10306252634930502', 11: '1.0', 12: '0.75', 13: '0.79', 14: '1.0', 15: '1.0', 16: '19', 17: '0.0', 18: '1.0', 19: '0.0', 20: '1.0', 21: '0.004507000000000039', 22: 'output/rmfs//0.rmf3', 23: 19} 
{0: '0.0', 1: '0.0', 2: '0.4760801420733303', 3: '-1.3862943611198906', 4: '0.0', 5: '0.0', 6: '0.4760801420733303', 7: '18.839806962154928', 8: '0.25', 9: '2.0', 10: '-0.9102142190465603', 11: '1.0', 12: '0.7476190476190476', 13: '0.7904761904761904', 14: '1.0', 15: '1.0', 16: '20', 17: '0.0', 18: '1.0', 19: '0.0', 20: '1.0', 21: '0.004591000000000012', 22: 'output/rmfs//0.rmf3', 23: 20} 
{0: '0.0', 1: '0.0', 2: '0.4525463520142674', 3: '-1.3862943611198906', 4: '0.0', 5: '0.0', 6: '0.4525463520142674', 7: '16.486427956248644', 8: '0.25', 9: '2.0', 10: '-0.9337480091056232', 11: '1.0', 12: '0.740909090909091', 13: '0.7863636363636364', 14: '1.0', 15: '1.0', 16: '21', 17: '0.0', 18: '1.0', 19: '0.0', 20: '1.0', 21: '0.0045760000000001355', 22: 'output/rmfs//0.rmf3', 23: 21} 
{0: '0.0', 1: '0.0', 2: '0.45551035875441426', 3: '-1.3862943611198906', 4: '0.0', 5: '0.0', 6: '0.45551035875441426', 7: '16.782828630263342', 8: '0.25', 9: '2.0', 10: '-0.9307840023654763', 11: '1.0', 12: '0.7478260869565218', 13: '0.782608695652174', 14: '1.0', 15: '1.0', 16: '22', 17: '0.0', 18: '1.0', 19: '0.0', 20: '1.0', 21: '0.004782999999999982', 22: 'output/rmfs//0.rmf3', 23: 22} 
{0: '0.0', 1: '0.0', 2: '0.43863833038636557', 3: '-1.3862943611198906', 4: '0.0', 5: '0.0', 6: '0.43863833038636557', 7: '15.095625793458467', 8: '0.25', 9: '2.0', 10: '-0.947656030733525', 11: '1.0', 12: '0.75', 13: '0.7875', 14: '1.0', 15: '1.0', 16: '23', 17: '0.0', 18: '1.0', 19: '0.0', 20: '1.0', 21: '0.005873999999999935', 22: 'output/rmfs//0.rmf3', 23: 23} 
{0: '0.0', 1: '0.0', 2: '0.45424838185229466', 3: '-1.3862943611198906', 4: '0.0', 5: '0.0', 6: '0.45424838185229466', 7: '16.656630940051375', 8: '0.25', 9: '2.0', 10: '-0.9320459792675959', 11: '1.0', 12: '0.756', 13: '0.792', 14: '1.0', 15: '1.0', 16: '24', 17: '0.0', 18: '1.0', 19: '0.0', 20: '1.0', 21: '0.004399000000000042', 22: 'output/rmfs//0.rmf3', 23: 24} 
{0: '0.0', 1: '0.0', 2: '0.41765543087303275', 3: '-1.3862943611198906', 4: '0.0', 5: '0.0', 6: '0.41765543087303275', 7: '12.997335842125189', 8: '0.25', 9: '2.0', 10: '-0.9686389302468579', 11: '1.0', 12: '0.7576923076923077', 13: '0.7884615384615384', 14: '1.0', 15: '1.0', 16: '25', 17: '0.0', 18: '1.0', 19: '0.0', 20: '1.0', 21: '0.005193000000000003', 22: 'output/rmfs//0.rmf3', 23: 25} 
{0: '0.0', 1: '0.4302395745462803', 2: '0.39824390304650364', 3: '-1.3862943611198906', 4: '0.0', 5: '0.0', 6: '0.39824390304650364', 7: '11.056183059472268', 8: '0.25', 9: '2.0', 10: '-0.5578108835271066', 11: '1.0', 12: '0.762962962962963', 13: '0.7888888888888889', 14: '1.0', 15: '1.0', 16: '26', 17: '0.0', 18: '1.0', 19: '0.0', 20: '1.0', 21: '0.004588999999999954', 22: 'output/rmfs//0.rmf3', 23: 26} 
{0: '0.0', 1: '0.06298833013776203', 2: '0.403970785487526', 3: '-1.3862943611198906', 4: '0.0', 5: '0.0', 6: '0.403970785487526', 7: '11.628871303574511', 8: '0.25', 9: '2.0', 10: '-0.9193352454946025', 11: '1.0', 12: '0.7571428571428571', 13: '0.7928571428571428', 14: '1.0', 15: '1.0', 16: '27', 17: '0.0', 18: '1.0', 19: '0.0', 20: '1.0', 21: '0.005643000000000065', 22: 'output/rmfs//0.rmf3', 23: 27} 
{0: '0.0', 1: '0.0', 2: '0.4483880547107006', 3: '-1.3862943611198906', 4: '0.0', 5: '0.0', 6: '0.4483880547107006', 7: '16.070598225891963', 8: '0.25', 9: '2.0', 10: '-0.9379063064091899', 11: '1.0', 12: '0.7586206896551724', 13: '0.8', 14: '1.0', 15: '1.0', 16: '28', 17: '0.0', 18: '1.0', 19: '0.0', 20: '1.0', 21: '0.004629999999999912', 22: 'output/rmfs//0.rmf3', 23: 28} 
{0: '0.0', 1: '0.0', 2: '0.44728094441270405', 3: '-1.3862943611198906', 4: '0.0', 5: '0.0', 6: '0.44728094441270405', 7: '15.959887196092318', 8: '0.25', 9: '2.0', 10: '-0.9390134167071865', 11: '1.0', 12: '0.7566666666666667', 13: '0.8', 14: '1.0', 15: '1.0', 16: '29', 17: '0.0', 18: '1.0', 19: '0.0', 20: '1.0', 21: '0.0043999999999999595', 22: 'output/rmfs//0.rmf3', 23: 29} 
{0: '0.0', 1: '0.0', 2: '0.4176775485691328', 3: '-1.3862943611198906', 4: '0.0', 5: '0.0', 6: '0.4176775485691328', 7: '12.999547611735187', 8: '0.25', 9: '2.0', 10: '-0.9686168125507577', 11: '1.0', 12: '0.7645161290322581', 13: '0.8032258064516129', 14: '1.0', 15: '1.0', 16: '30', 17: '0.0', 18: '1.0', 19: '0.0', 20: '1.0', 21: '0.005247000000000002', 22: 'output/rmfs//0.rmf3', 23: 30} 
{0: '0.0', 1: '0.0', 2: '0.4079496196313087', 3: '-1.3862943611198906', 4: '0.0', 5: '0.0', 6: '0.4079496196313087', 7: '12.02675471795278', 8: '0.25', 9: '2.0', 10: '-0.9783447414885819', 11: '1.0', 12: '0.76875', 13: '0.803125', 14: '1.0', 15: '1.0', 16: '31', 17: '0.0', 18: '1.0', 19: '0.0', 20: '1.0', 21: '0.006592000000000153', 22: 'output/rmfs//0.rmf3', 23: 31} 
{0: '0.0', 1: '0.0', 2: '0.47195279987660077', 3: '-1.3862943611198906', 4: '0.0', 5: '0.0', 6: '0.47195279987660077', 7: '18.427072742481972', 8: '0.25', 9: '2.0', 10: '-0.9143415612432898', 11: '1.0', 12: '0.7696969696969697', 13: '0.803030303030303', 14: '1.0', 15: '1.0', 16: '32', 17: '0.0', 18: '1.0', 19: '0.0', 20: '1.0', 21: '0.004620999999999986', 22: 'output/rmfs//0.rmf3', 23: 32} 
{0: '0.0', 1: '0.0', 2: '0.45868394301332766', 3: '-1.3862943611198906', 4: '0.0', 5: '0.0', 6: '0.45868394301332766', 7: '17.100187056154667', 8: '0.25', 9: '2.0', 10: '-0.927610418106563', 11: '1.0', 12: '0.7735294117647059', 13: '0.8029411764705883', 14: '1.0', 15: '1.0', 16: '33', 17: '0.0', 18: '1.0', 19: '0.0', 20: '1.0', 21: '0.0046880000000000255', 22: 'output/rmfs//0.rmf3', 23: 33} 
{0: '0.0', 1: '0.0', 2: '0.4469141704440954', 3: '-1.3862943611198906', 4: '0.0', 5: '0.0', 6: '0.4469141704440954', 7: '15.92320979923145', 8: '0.25', 9: '2.0', 10: '-0.9393801906757951', 11: '1.0', 12: '0.7771428571428571', 13: '0.8057142857142857', 14: '1.0', 15: '1.0', 16: '34', 17: '0.0', 18: '1.0', 19: '0.0', 20: '1.0', 21: '0.005046999999999802', 22: 'output/rmfs//0.rmf3', 23: 34} 
{0: '0.0', 1: '0.0', 2: '0.4697592504982854', 3: '-1.3862943611198906', 4: '0.0', 5: '0.0', 6: '0.4697592504982854', 7: '18.207717804650446', 8: '0.25', 9: '2.0', 10: '-0.9165351106216052', 11: '1.0', 12: '0.7777777777777778', 13: '0.8083333333333333', 14: '1.0', 15: '1.0', 16: '35', 17: '0.0', 18: '1.0', 19: '0.0', 20: '1.0', 21: '0.004501000000000088', 22: 'output/rmfs//0.rmf3', 23: 35} 
{0: '0.0', 1: '0.0', 2: '0.47745933461999507', 3: '-1.3862943611198906', 4: '0.0', 5: '0.0', 6: '0.47745933461999507', 7: '18.977726216821427', 8: '0.25', 9: '2.0', 10: '-0.9088350264998954', 11: '1.0', 12: '0.7837837837837838', 13: '0.8081081081081081', 14: '1.0', 15: '1.0', 16: '36', 17: '0.0', 18: '1.0', 19: '0.0', 20: '1.0', 21: '0.004777999999999949', 22: 'output/rmfs//0.rmf3', 23: 36} 
{0: '0.0', 1: '0.0', 2: '0.4303245539471123', 3: '-1.3862943611198906', 4: '0.0', 5: '0.0', 6: '0.4303245539471123', 7: '14.264248149533127', 8: '0.25', 9: '2.0', 10: '-0.9559698071727782', 11: '1.0', 12: '0.7868421052631579', 13: '0.8078947368421052', 14: '1.0', 15: '1.0', 16: '37', 17: '0.0', 18: '1.0', 19: '0.0', 20: '1.0', 21: '0.004587000000000119', 22: 'output/rmfs//0.rmf3', 23: 37} 
{0: '0.0', 1: '0.0', 2: '0.47058522717462414', 3: '-1.3862943611198906', 4: '0.0', 5: '0.0', 6: '0.47058522717462414', 7: '18.29031547228433', 8: '0.25', 9: '2.0', 10: '-0.9157091339452664', 11: '1.0', 12: '0.7897435897435897', 13: '0.8102564102564103', 14: '1.0', 15: '1.0', 16: '38', 17: '0.0', 18: '1.0', 19: '0.0', 20: '1.0', 21: '0.004600999999999855', 22: 'output/rmfs//0.rmf3', 23: 38} 
{0: '0.0', 1: '0.0', 2: '0.42492485353189674', 3: '-1.3862943611198906', 4: '0.0', 5: '0.0', 6: '0.42492485353189674', 7: '13.724278108011584', 8: '0.25', 9: '2.0', 10: '-0.9613695075879938', 11: '1.0', 12: '0.7875', 13: '0.81', 14: '1.0', 15: '1.0', 16: '39', 17: '0.0', 18: '1.0', 19: '0.0', 20: '1.0', 21: '0.004790000000000072', 22: 'output/rmfs//0.rmf3', 23: 39} 
{0: '0.0', 1: '0.0', 2: '0.46308515180442394', 3: '-1.3862943611198906', 4: '0.0', 5: '0.0', 6: '0.46308515180442394', 7: '17.540307935264302', 8: '0.25', 9: '2.0', 10: '-0.9232092093154667', 11: '1.0', 12: '0.7902439024390244', 13: '0.8097560975609757', 14: '1.0', 15: '1.0', 16: '40', 17: '0.0', 18: '1.0', 19: '0.0', 20: '1.0', 21: '0.004650000000000043', 22: 'output/rmfs//0.rmf3', 23: 40} 
{0: '0.0', 1: '0.0', 2: '0.41909421727580587', 3: '-1.3862943611198906', 4: '0.0', 5: '0.0', 6: '0.41909421727580587', 7: '13.141214482402505', 8: '0.25', 9: '2.0', 10: '-0.9672001438440847', 11: '1.0', 12: '0.7952380952380952', 13: '0.8142857142857143', 14: '1.0', 15: '1.0', 16: '41', 17: '0.0', 18: '1.0', 19: '0.0', 20: '1.0', 21: '0.005765999999999938', 22: 'output/rmfs//0.rmf3', 23: 41} 
{0: '0.0', 1: '0.0', 2: '0.46528338594139435', 3: '-1.3862943611198906', 4: '0.0', 5: '0.0', 6: '0.46528338594139435', 7: '17.760131348961348', 8: '0.25', 9: '2.0', 10: '-0.9210109751784963', 11: '1.0', 12: '0.8', 13: '0.8186046511627907', 14: '1.0', 15: '1.0', 16: '42', 17: '0.0', 18: '1.0', 19: '0.0', 20: '1.0', 21: '0.004242000000000079', 22: 'output/rmfs//0.rmf3', 23: 42} 
{0: '0.2917735623183327', 1: '0.0', 2: '0.4819357765882351', 3: '-1.3862943611198906', 4: '0.0', 5: '0.0', 6: '0.4819357765882351', 7: '19.425370413645417', 8: '0.25', 9: '2.0', 10: '-0.6125850222133228', 11: '1.0', 12: '0.8045454545454546', 13: '0.8227272727272728', 14: '1.0', 15: '1.0', 16: '43', 17: '0.0', 18: '1.0', 19: '0.0', 20: '1.0', 21: '0.004184999999999883', 22: 'output/rmfs//0.rmf3', 23: 43} 
{0: '0.0', 1: '0.0', 2: '0.43332724930014765', 3: '-1.3862943611198906', 4: '0.0', 5: '0.0', 6: '0.43332724930014765', 7: '14.564517684836684', 8: '0.25', 9: '2.0', 10: '-0.9529671118197429', 11: '1.0', 12: '0.7933333333333333', 13: '0.8133333333333334', 14: '1.0', 15: '1.0', 16: '44', 17: '0.0', 18: '1.0', 19: '0.0', 20: '1.0', 21: '0.0048639999999999795', 22: 'output/rmfs//0.rmf3', 23: 44} 
{0: '0.01304108990749835', 1: '0.0', 2: '0.48003081173601786', 3: '-1.3862943611198906', 4: '0.0', 5: '0.0', 6: '0.48003081173601786', 7: '19.234873928423696', 8: '0.25', 9: '2.0', 10: '-0.8932224594763744', 11: '1.0', 12: '0.7956521739130434', 13: '0.8152173913043478', 14: '1.0', 15: '1.0', 16: '45', 17: '0.0', 18: '1.0', 19: '0.0', 20: '1.0', 21: '0.004361999999999977', 22: 'output/rmfs//0.rmf3', 23: 45} 
{0: '0.0', 1: '0.0', 2: '0.42169570081071955', 3: '-1.3862943611198906', 4: '0.0', 5: '0.0', 6: '0.42169570081071955', 7: '13.401362835893863', 8: '0.25', 9: '2.0', 10: '-0.964598660309171', 11: '1.0', 12: '0.7893617021276595', 13: '0.8085106382978723', 14: '1.0', 15: '1.0', 16: '46', 17: '0.0', 18: '1.0', 19: '0.0', 20: '1.0', 21: '0.004423000000000066', 22: 'output/rmfs//0.rmf3', 23: 46} 
{0: '0.0', 1: '0.0', 2: '0.4696622083286862', 3: '-1.3862943611198906', 4: '0.0', 5: '0.0', 6: '0.4696622083286862', 7: '18.198013587690532', 8: '0.25', 9: '2.0', 10: '-0.9166321527912044', 11: '1.0', 12: '0.7895833333333333', 13: '0.8041666666666667', 14: '1.0', 15: '1.0', 16: '47', 17: '0.0', 18: '1.0', 19: '0.0', 20: '1.0', 21: '0.005078000000000138', 22: 'output/rmfs//0.rmf3', 23: 47} 
{0: '0.0', 1: '0.0', 2: '0.44500305170477694', 3: '-1.3862943611198906', 4: '0.0', 5: '0.0', 6: '0.44500305170477694', 7: '15.732097925299586', 8: '0.25', 9: '2.0', 10: '-0.9412913094151136', 11: '1.0', 12: '0.7877551020408163', 13: '0.8040816326530612', 14: '1.0', 15: '1.0', 16: '48', 17: '0.0', 18: '1.0', 19: '0.0', 20: '1.0', 21: '0.0047559999999999825', 22: 'output/rmfs//0.rmf3', 23: 48} 
{0: '0.0', 1: '0.034459637226665195', 2: '0.4048948565079325', 3: '-1.3862943611198906', 4: '0.0', 5: '0.0', 6: '0.4048948565079325', 7: '11.721278405615141', 8: '0.25', 9: '2.0', 10: '-0.9469398673852929', 11: '1.0', 12: '0.792', 13: '0.806', 14: '1.0', 15: '1.0', 16: '49', 17: '0.0', 18: '1.0', 19: '0.0', 20: '1.0', 21: '0.004693999999999976', 22: 'output/rmfs//0.rmf3', 23: 49} 
